src/components/forum/NewThreadModalAdvanced.tsx(291,6): error TS17008: JSX element 'div' has no corresponding closing tag.
src/components/forum/NewThreadModalAdvanced.tsx(296,8): error TS17008: JSX element 'div' has no corresponding closing tag.
src/components/forum/NewThreadModalAdvanced.tsx(336,1): error TS1005: '</' expected.
